6000: .core.__START_PROGRAM
6019: .core.__CALL_BACK__
601B: .core.ZXBASIC_MEM_HEAP
601B: .core.ZXBASIC_USER_DATA
681B: .core.ZXBASIC_USER_DATA_END
681B: .core.__MAIN_PROGRAM__
6826: .core.__END_PROGRAM
6834: .LABEL._VariablesComunes
6C3A: ._MemCopy
6C44: ._MemCopy__leave
6C45: ._PaginarMemoria
6C56: ._PaginarMemoria__leave
6C57: ._Main
6C5F: .LABEL.__LABEL0
6C80: ._Main__leave
6C81: ._CargarModulos
6CE9: ._CargarModulos__leave
6CEA: ._EjecutarModulo
6D17: ._EjecutarModulo__leave
6D20: .LABEL.__LABEL2
6D2E: .LABEL.__LABEL3
6D30: .core.SCREEN_ADDR
6D32: .core.SCREEN_ATTR_ADDR
6D34: .core.__ERROR
6D38: .core.__ERROR_CODE
6D3A: .core.__STOP
6D3E: .core.__IN_SCREEN
6D48: .core.__OUT_OF_SCREEN_ERR
6D4D: .core.__ATTR_ADDR
6D5E: .core.SET_ATTR
6D65: .core.__SET_ATTR
6D65: .core.__SET_ATTR2
6D72: .core.__LOAD_S_POSN
6D7E: .core.__SAVE_S_POSN
6D87: .core.__SET_SCR_PTR
6DA4: .core.JUMP_HL_PLUS_2A
6DA5: .core.JUMP_HL_PLUS_A
6DA8: .core.JUMP_HL_PLUS_DE
6DAD: .core.CALL_HL
6DAE: .core.INK
6DC9: .core.INK_TMP
6DCF: .core.PAPER
6DED: .core.PAPER_TMP
6DF3: .core.FLASH
6DF6: .core.__SET_FLASH
6E0D: .core.FLASH_TMP
6E12: .core.BRIGHT
6E15: .core.__SET_BRIGHT
6E2C: .core.BRIGHT_TMP
6E31: .core.OVER
6E47: .core.OVER_TMP
6E5F: .core.INVERSE
6E6C: .core.INVERSE_TMP
6E7A: .core.BOLD
6E87: .core.BOLD_TMP
6E93: .core.ITALIC
6EA0: .core.ITALIC_TMP
6EAE: .core.__PRINT_INIT
6ECD: .core.__PRINTCHAR
6ED1: .core.__PRINT_CHR
6F0E: .core.__PRGRAPH0
6F2B: .core.PRINT_MODE
6F2C: .core.INVERSE_MODE
6F44: .core.__PRINT_SPECIAL
6F4A: .core.PRINT_EOL
6F4B: .core.__PRINT_0Dh
6F5C: .core.__PRINT_EOL_END
6F8D: .core.__PRINT_AT
6F92: .core.__PRINT_NOP
6F92: .core.__PRINT_RESTART
6FB2: .core.__PRINT_DEL
6FCD: .core.__PRINT_INK2
6FD7: .core.__PRINT_PAP2
6FDC: .core.__PRINT_FLA
6FE1: .core.__PRINT_FLA2
6FE6: .core.__PRINT_BRI
6FEB: .core.__PRINT_BRI2
6FF0: .core.__PRINT_INV
6FF5: .core.__PRINT_INV2
6FFA: .core.__PRINT_OVR
6FFF: .core.__PRINT_OVR2
7055: .core.PRINT_COMMA
705D: .core.PRINT_TAB
70A8: .core.COPY_ATTR
70E6: .core.__MEM_INIT
70EC: .core.__MEM_INIT2
710A: .core.MEM_FREE
710A: .core.__MEM_FREE
715C: .core.LOAD_CODE
7161: .core.__LOAD_CODE
71DF: .core.LD_TYPE
7244: .core.LOAD_ERROR
7262: .core.PRINT_TAPE_MESSAGES
727D: .core.MEM_ALLOC
727D: .core.__MEM_ALLOC
72CC: .core.__ILOADSTR
72D3: .core.__LOADSTR
72EC: .core.__MEMCPY
7305: .core.PRINT_STR
7305: .core.__PRINTSTR
7322: .core.__PRINT_STR
7327: .core.__PRINTU_START
733A: .core.__PRINT_MINUS
733F: .core.__ABS16
7342: .core.__NEGHL
734A: .core.__DIVU16
734A: .core.__DIVU16_FAST
7351: .core.__DIV16LOOP
735C: .core.__DIV16NOADD
7362: .core.__MODU16
7367: .core.__DIVI16
7367: .core.__DIVI16_FAST
7375: .core.__DIVI16A
737A: .core.__DIVI16B
7383: .core.__MODI16
7388: .core.__PRINTI16
73AA: .core.__DIVU8
73AC: .core.__DIVU8_FAST
73B1: .core.__DIV8LOOP
73B9: .core.__DIV8NOSUB
73BE: .core.__DIVI8
73C0: .core.__DIVI8_FAST
73C8: .core.__DIV8A
73D1: .core.__DIV8B
73DC: .core.__MODU8
73DE: .core.__MODU8_FAST
73E3: .core.__MODI8
73E5: .core.__MODI8_FAST
73EA: .core.__PRINTI8
73F5: .core.__PRINTU8
740B: .core.USR