8000: .core.__START_PROGRAM
8019: .core.__CALL_BACK__
801B: .core.ZXBASIC_MEM_HEAP
801B: .core.ZXBASIC_USER_DATA
901B: ._ObjetosMochila
901D: ._ObjetosMochila.__DATA__.__PTR__
901F: .LABEL.__LABEL46
9022: .core.ZXBASIC_USER_DATA_END
9022: .core.__MAIN_PROGRAM__
902D: .core.__END_PROGRAM
903B: ._Juego
9048: .LABEL.__LABEL0
9054: .LABEL.__LABEL1
9065: .LABEL.__LABEL4
909F: .LABEL.__LABEL8
90BA: .LABEL.__LABEL11
90D5: .LABEL.__LABEL14
90ED: .LABEL.__LABEL20
9177: .LABEL.__LABEL28
91B2: .LABEL.__LABEL31
91E7: .LABEL.__LABEL34
91FA: .LABEL.__LABEL39
9209: .LABEL.__LABEL32
920C: .LABEL.__LABEL21
921B: ._Juego__leave
921C: ._InicializarJuego
9249: .LABEL.__LABEL44
925B: .LABEL.__LABEL41
926C: ._InicializarJuego__leave
9271: .LABEL.__LABEL6
9273: .LABEL.__LABEL7
9284: .LABEL.__LABEL10
9296: .LABEL.__LABEL13
92A9: .LABEL.__LABEL16
92BC: .LABEL.__LABEL19
92CD: .LABEL.__LABEL22
92D6: .LABEL.__LABEL23
92E0: .LABEL.__LABEL24
92EB: .LABEL.__LABEL25
92FC: .LABEL.__LABEL26
930A: .LABEL.__LABEL27
931E: .LABEL.__LABEL30
9321: .LABEL.__LABEL33
9324: .LABEL.__LABEL36
9327: .core.__MUL16
932A: .core.__MUL16_FAST
933C: .core.__ARRAY_PTR
9340: .core.__ARRAY
9395: .core.SCREEN_ADDR
9397: .core.SCREEN_ATTR_ADDR
9399: .core.CLS
93C8: .core.__ERROR
93CC: .core.__ERROR_CODE
93CE: .core.__STOP
93D2: .core.__IN_SCREEN
93DC: .core.__OUT_OF_SCREEN_ERR
93E1: .core.__ATTR_ADDR
93F2: .core.SET_ATTR
93F9: .core.__SET_ATTR
93F9: .core.__SET_ATTR2
9406: .core.__LOAD_S_POSN
9412: .core.__SAVE_S_POSN
941B: .core.__SET_SCR_PTR
9438: .core.JUMP_HL_PLUS_2A
9439: .core.JUMP_HL_PLUS_A
943C: .core.JUMP_HL_PLUS_DE
9441: .core.CALL_HL
9442: .core.INK
945D: .core.INK_TMP
9463: .core.PAPER
9481: .core.PAPER_TMP
9487: .core.FLASH
948A: .core.__SET_FLASH
94A1: .core.FLASH_TMP
94A6: .core.BRIGHT
94A9: .core.__SET_BRIGHT
94C0: .core.BRIGHT_TMP
94C5: .core.OVER
94DB: .core.OVER_TMP
94F3: .core.INVERSE
9500: .core.INVERSE_TMP
950E: .core.BOLD
951B: .core.BOLD_TMP
9527: .core.ITALIC
9534: .core.ITALIC_TMP
9542: .core.__PRINT_INIT
9561: .core.__PRINTCHAR
9565: .core.__PRINT_CHR
95A2: .core.__PRGRAPH0
95BF: .core.PRINT_MODE
95C0: .core.INVERSE_MODE
95D8: .core.__PRINT_SPECIAL
95DE: .core.PRINT_EOL
95DF: .core.__PRINT_0Dh
95F0: .core.__PRINT_EOL_END
9621: .core.__PRINT_AT
9626: .core.__PRINT_NOP
9626: .core.__PRINT_RESTART
9646: .core.__PRINT_DEL
9661: .core.__PRINT_INK2
966B: .core.__PRINT_PAP2
9670: .core.__PRINT_FLA
9675: .core.__PRINT_FLA2
967A: .core.__PRINT_BRI
967F: .core.__PRINT_BRI2
9684: .core.__PRINT_INV
9689: .core.__PRINT_INV2
968E: .core.__PRINT_OVR
9693: .core.__PRINT_OVR2
96E9: .core.PRINT_COMMA
96F1: .core.PRINT_TAB
973C: .core.COPY_ATTR
977A: .core.__ABS32
977D: .core.__NEG32
978F: .core.__FTOU32REG
97AC: .core.__FTOU32REG_LOOP
97C0: .core.__FTOU32REG_END
97D8: .core.__FTOU8
97DD: .core.__MEM_INIT
97E3: .core.__MEM_INIT2
9801: .core.MEM_ALLOC
9801: .core.__MEM_ALLOC
9850: .core.INKEY
987D: .core.__FPSTACK_PUSH2
988E: .core.__FPSTACK_I16
9899: .core.__MULF
98A2: .core.MEM_FREE
98A2: .core.__MEM_FREE
98F4: .core.PRINT_STR
98F4: .core.__PRINTSTR
9911: .core.__PRINT_STR
9916: .core.__PRINTU_START
9929: .core.__PRINT_MINUS
992E: .core.__DIVU32
9932: .core.__DIVU32START
9945: .core.__DIV32LOOP
9964: .core.__DIV32NOADD
9972: .core.__MODU32
9979: .core.__MODU32START
9980: .core.__DIVI32
9984: .core.__DIVI32START
99A1: .core.__MODI32
99AB: .core.__PRINTI32
99B6: .core.__PRINTU32
99D6: .core.__DIVU8
99D8: .core.__DIVU8_FAST
99DD: .core.__DIV8LOOP
99E5: .core.__DIV8NOSUB
99EA: .core.__DIVI8
99EC: .core.__DIVI8_FAST
99F4: .core.__DIV8A
99FD: .core.__DIV8B
9A08: .core.__MODU8
9A0A: .core.__MODU8_FAST
9A0F: .core.__MODI8
9A11: .core.__MODI8_FAST
9A16: .core.__PRINTI8
9A21: .core.__PRINTU8
9A37: .core.RANDOMIZE
9A52: .core.RAND
9A7B: .core.RND
9A9E: .core.__STR_ISNULL
9AA4: .core.__STRCMP
9AE6: .core.__STREQ
9AF3: .core.__STRNE
9AFD: .core.__STRLT
9B0B: .core.__STRLE
9B16: .core.__STRGT
9B24: .core.__STRGE
9B2C: .core.__FREE_STR