8000: .core.__START_PROGRAM
8019: .core.__CALL_BACK__
801B: .core.ZXBASIC_MEM_HEAP
801B: .core.ZXBASIC_USER_DATA
901B: .core.ZXBASIC_USER_DATA_END
901B: .core.__MAIN_PROGRAM__
902A: .core.__END_PROGRAM
9038: ._Menu
9042: .LABEL.__LABEL1
9053: .LABEL.__LABEL2
9062: .LABEL.__LABEL5
911C: .LABEL.__LABEL16
9142: .LABEL.__LABEL19
9159: .LABEL.__LABEL22
9170: .LABEL.__LABEL25
9187: .LABEL.__LABEL28
91B7: .LABEL.__LABEL20
91BA: ._Menu__leave
91BB: ._Inicializar
91E9: ._Inicializar__leave
91EA: ._ImprimirOpcion
9203: .LABEL.__LABEL36
9207: .LABEL.__LABEL37
921E: ._ImprimirOpcion__leave
9237: .LABEL.__LABEL4
9239: .LABEL.__LABEL7
9243: .LABEL.__LABEL8
9253: .LABEL.__LABEL9
925F: .LABEL.__LABEL10
926C: .LABEL.__LABEL11
9279: .LABEL.__LABEL12
9284: .LABEL.__LABEL13
9299: .LABEL.__LABEL14
92AD: .LABEL.__LABEL15
92C2: .LABEL.__LABEL18
92C5: .LABEL.__LABEL21
92C8: .LABEL.__LABEL24
92CB: .LABEL.__LABEL27
92CE: .LABEL.__LABEL30
92D1: .LABEL.__LABEL33
92D4: .core.SCREEN_ADDR
92D6: .core.SCREEN_ATTR_ADDR
92D8: .core.CLS
9307: .core.__ERROR
930B: .core.__ERROR_CODE
930D: .core.__STOP
9311: .core.__IN_SCREEN
931B: .core.__OUT_OF_SCREEN_ERR
9320: .core.__ATTR_ADDR
9331: .core.SET_ATTR
9338: .core.__SET_ATTR
9338: .core.__SET_ATTR2
9345: .core.__LOAD_S_POSN
9351: .core.__SAVE_S_POSN
935A: .core.__SET_SCR_PTR
9377: .core.JUMP_HL_PLUS_2A
9378: .core.JUMP_HL_PLUS_A
937B: .core.JUMP_HL_PLUS_DE
9380: .core.CALL_HL
9381: .core.INK
939C: .core.INK_TMP
93A2: .core.PAPER
93C0: .core.PAPER_TMP
93C6: .core.FLASH
93C9: .core.__SET_FLASH
93E0: .core.FLASH_TMP
93E5: .core.BRIGHT
93E8: .core.__SET_BRIGHT
93FF: .core.BRIGHT_TMP
9404: .core.OVER
941A: .core.OVER_TMP
9432: .core.INVERSE
943F: .core.INVERSE_TMP
944D: .core.BOLD
945A: .core.BOLD_TMP
9466: .core.ITALIC
9473: .core.ITALIC_TMP
9481: .core.__PRINT_INIT
94A0: .core.__PRINTCHAR
94A4: .core.__PRINT_CHR
94E1: .core.__PRGRAPH0
94FE: .core.PRINT_MODE
94FF: .core.INVERSE_MODE
9517: .core.__PRINT_SPECIAL
951E: .core.__PRINT_0Dh
952F: .core.__PRINT_EOL_END
9560: .core.__PRINT_AT
9565: .core.__PRINT_NOP
9565: .core.__PRINT_RESTART
9585: .core.__PRINT_DEL
95A0: .core.__PRINT_INK2
95AA: .core.__PRINT_PAP2
95AF: .core.__PRINT_FLA
95B4: .core.__PRINT_FLA2
95B9: .core.__PRINT_BRI
95BE: .core.__PRINT_BRI2
95C3: .core.__PRINT_INV
95C8: .core.__PRINT_INV2
95CD: .core.__PRINT_OVR
95D2: .core.__PRINT_OVR2
9628: .core.PRINT_COMMA
9630: .core.PRINT_TAB
967B: .core.COPY_ATTR
96B9: .core.__MEM_INIT
96BF: .core.__MEM_INIT2
96DD: .core.MEM_FREE
96DD: .core.__MEM_FREE
972F: .core.MEM_ALLOC
972F: .core.__MEM_ALLOC
977E: .core.INKEY
97AB: .core.__ILOADSTR
97B2: .core.__LOADSTR
97CB: .core.PRINT_STR
97CB: .core.__PRINTSTR
97E8: .core.__PRINT_STR
97ED: .core.__PRINTU_START
9800: .core.__PRINT_MINUS
9805: .core.__ABS32
9808: .core.__NEG32
981A: .core.__DIVU32
981E: .core.__DIVU32START
9831: .core.__DIV32LOOP
9850: .core.__DIV32NOADD
985E: .core.__MODU32
9865: .core.__MODU32START
986C: .core.__DIVI32
9870: .core.__DIVI32START
988D: .core.__MODI32
9897: .core.__PRINTI32
98A2: .core.__PRINTU32
98C2: .core.__STR_ISNULL
98C8: .core.__STRCMP
990A: .core.__STREQ
9917: .core.__STRNE
9921: .core.__STRLT
992F: .core.__STRLE
993A: .core.__STRGT
9948: .core.__STRGE
9950: .core.__FREE_STR