8000: .core.__START_PROGRAM
8019: .core.__CALL_BACK__
801B: .core.ZXBASIC_MEM_HEAP
801B: .core.ZXBASIC_USER_DATA
901B: .core.ZXBASIC_USER_DATA_END
901B: .core.__MAIN_PROGRAM__
9026: .core.__END_PROGRAM
9034: ._MiniJuegos
9045: .LABEL.__LABEL0
9082: .LABEL.__LABEL4
909D: .LABEL.__LABEL7
90B8: .LABEL.__LABEL10
90D0: .LABEL.__LABEL5
90E8: .LABEL.__LABEL17
9158: .LABEL.__LABEL24
91A3: .LABEL.__LABEL27
91C5: .LABEL.__LABEL28
91C8: ._MiniJuegos__leave
91C9: .LABEL.__LABEL2
91CB: .LABEL.__LABEL3
91E1: .LABEL.__LABEL6
91F3: .LABEL.__LABEL9
9206: .LABEL.__LABEL12
9219: .LABEL.__LABEL15
922A: .LABEL.__LABEL16
9237: .LABEL.__LABEL19
9240: .LABEL.__LABEL20
924A: .LABEL.__LABEL21
9255: .LABEL.__LABEL22
926A: .LABEL.__LABEL23
9280: .LABEL.__LABEL26
9283: .LABEL.__LABEL29
9286: .core.SCREEN_ADDR
9288: .core.SCREEN_ATTR_ADDR
928A: .core.CLS
92B9: .core.__ERROR
92BD: .core.__ERROR_CODE
92BF: .core.__STOP
92C3: .core.__IN_SCREEN
92CD: .core.__OUT_OF_SCREEN_ERR
92D2: .core.__ATTR_ADDR
92E3: .core.SET_ATTR
92EA: .core.__SET_ATTR
92EA: .core.__SET_ATTR2
92F7: .core.__LOAD_S_POSN
9303: .core.__SAVE_S_POSN
930C: .core.__SET_SCR_PTR
9329: .core.JUMP_HL_PLUS_2A
932A: .core.JUMP_HL_PLUS_A
932D: .core.JUMP_HL_PLUS_DE
9332: .core.CALL_HL
9333: .core.INK
934E: .core.INK_TMP
9354: .core.PAPER
9372: .core.PAPER_TMP
9378: .core.FLASH
937B: .core.__SET_FLASH
9392: .core.FLASH_TMP
9397: .core.BRIGHT
939A: .core.__SET_BRIGHT
93B1: .core.BRIGHT_TMP
93B6: .core.OVER
93CC: .core.OVER_TMP
93E4: .core.INVERSE
93F1: .core.INVERSE_TMP
93FF: .core.BOLD
940C: .core.BOLD_TMP
9418: .core.ITALIC
9425: .core.ITALIC_TMP
9433: .core.__PRINT_INIT
9452: .core.__PRINTCHAR
9456: .core.__PRINT_CHR
9493: .core.__PRGRAPH0
94B0: .core.PRINT_MODE
94B1: .core.INVERSE_MODE
94C9: .core.__PRINT_SPECIAL
94D0: .core.__PRINT_0Dh
94E1: .core.__PRINT_EOL_END
9512: .core.__PRINT_AT
9517: .core.__PRINT_NOP
9517: .core.__PRINT_RESTART
9537: .core.__PRINT_DEL
9552: .core.__PRINT_INK2
955C: .core.__PRINT_PAP2
9561: .core.__PRINT_FLA
9566: .core.__PRINT_FLA2
956B: .core.__PRINT_BRI
9570: .core.__PRINT_BRI2
9575: .core.__PRINT_INV
957A: .core.__PRINT_INV2
957F: .core.__PRINT_OVR
9584: .core.__PRINT_OVR2
95DA: .core.PRINT_COMMA
95E2: .core.PRINT_TAB
962D: .core.COPY_ATTR
966B: .core.__MEM_INIT
9671: .core.__MEM_INIT2
968F: .core.MEM_ALLOC
968F: .core.__MEM_ALLOC
96DE: .core.INKEY
970B: .core.MEM_FREE
970B: .core.__MEM_FREE
975D: .core.PRINT_STR
975D: .core.__PRINTSTR
977A: .core.__PRINT_STR
977F: .core.__PRINTU_START
9792: .core.__PRINT_MINUS
9797: .core.__ABS32
979A: .core.__NEG32
97AC: .core.__DIVU32
97B0: .core.__DIVU32START
97C3: .core.__DIV32LOOP
97E2: .core.__DIV32NOADD
97F0: .core.__MODU32
97F7: .core.__MODU32START
97FE: .core.__DIVI32
9802: .core.__DIVI32START
981F: .core.__MODI32
9829: .core.__PRINTI32
9834: .core.__PRINTU32
9854: .core.__DIVU8
9856: .core.__DIVU8_FAST
985B: .core.__DIV8LOOP
9863: .core.__DIV8NOSUB
9868: .core.__DIVI8
986A: .core.__DIVI8_FAST
9872: .core.__DIV8A
987B: .core.__DIV8B
9886: .core.__MODU8
9888: .core.__MODU8_FAST
988D: .core.__MODI8
988F: .core.__MODI8_FAST
9894: .core.__PRINTI8
989F: .core.__PRINTU8
98B5: .core.__STR_ISNULL
98BB: .core.__STRCMP
98FD: .core.__STREQ
990A: .core.__STRNE
9914: .core.__STRLT
9922: .core.__STRLE
992D: .core.__STRGT
993B: .core.__STRGE
9943: .core.__FREE_STR